Visible line
This line should be ignored 99xyz
Another visible line
